Archive member included because of file (symbol)

/usr/lib/gcc/avr/4.8.2/avr35/libgcc.a(_exit.o)
                              /usr/lib/gcc/avr/4.8.2/../../../avr/lib/avr35/crtm8u2.o (exit)
/usr/lib/gcc/avr/4.8.2/avr35/libgcc.a(_tablejump.o)
                              ../../LUFA/Drivers/USB/HighLevel/DeviceStandardReq.o (__tablejump2__)
/usr/lib/gcc/avr/4.8.2/avr35/libgcc.a(_copy_data.o)
                              Arduino-usbmidi.o (__do_copy_data)
/usr/lib/gcc/avr/4.8.2/avr35/libgcc.a(_clear_bss.o)
                              Arduino-usbmidi.o (__do_clear_bss)
/usr/lib/gcc/avr/4.8.2/../../../avr/lib/avr35/libc.a(memcpy_P.o)
                              ../../LUFA/Drivers/USB/Class/Device/RNDIS.o (memcpy_P)
/usr/lib/gcc/avr/4.8.2/../../../avr/lib/avr35/libc.a(memcmp.o)
                              ../../LUFA/Drivers/USB/Class/Device/HID.o (memcmp)
/usr/lib/gcc/avr/4.8.2/../../../avr/lib/avr35/libc.a(memcpy.o)
                              ../../LUFA/Drivers/USB/Class/Device/HID.o (memcpy)
/usr/lib/gcc/avr/4.8.2/../../../avr/lib/avr35/libc.a(memset.o)
                              ../../LUFA/Drivers/USB/Class/Device/HID.o (memset)
/usr/lib/gcc/avr/4.8.2/../../../avr/lib/avr35/libc.a(eerd_byte_atmega16u2.o)
                              ../../LUFA/Drivers/USB/LowLevel/Endpoint.o (__eerd_byte_m16u2)
/usr/lib/gcc/avr/4.8.2/../../../avr/lib/avr35/libc.a(eeupd_byte_atmega16u2.o)
                              ../../LUFA/Drivers/USB/LowLevel/Endpoint.o (__eeupd_byte_m16u2)

Allocating common symbols
Common symbol       size              file

USB_IsInitialized   0x1               ../../LUFA/Drivers/USB/HighLevel/USBTask.o
USB_CurrentlySelfPowered
                    0x1               ../../LUFA/Drivers/USB/HighLevel/DeviceStandardReq.o
USB_ControlRequest  0x8               ../../LUFA/Drivers/USB/HighLevel/USBTask.o
USB_ConfigurationNumber
                    0x1               ../../LUFA/Drivers/USB/HighLevel/DeviceStandardReq.o
USARTtoUSB_Buffer   0x85              Arduino-usbmidi.o
USBtoUSART_Buffer   0x85              Arduino-usbmidi.o

Discarded input sections

 .bss           0x00000000        0x0 /usr/lib/gcc/avr/4.8.2/../../../avr/lib/avr35/crtm8u2.o
 .text          0x00000000        0x0 Arduino-usbmidi.o
 .bss           0x00000000        0x0 Arduino-usbmidi.o
 .text          0x00000000        0x0 Descriptors.o
 .bss           0x00000000        0x0 Descriptors.o
 .text          0x00000000        0x0 ../../LUFA/Drivers/USB/LowLevel/Device.o
 .bss           0x00000000        0x0 ../../LUFA/Drivers/USB/LowLevel/Device.o
 .text.USB_Device_SendRemoteWakeup
                0x00000000       0x2e ../../LUFA/Drivers/USB/LowLevel/Device.o
 .text          0x00000000        0x0 ../../LUFA/Drivers/USB/LowLevel/Endpoint.o
 .bss           0x00000000        0x0 ../../LUFA/Drivers/USB/LowLevel/Endpoint.o
 .text.Endpoint_Discard_Stream
                0x00000000       0x50 ../../LUFA/Drivers/USB/LowLevel/Endpoint.o
 .text.Endpoint_Write_PStream_LE
                0x00000000       0x64 ../../LUFA/Drivers/USB/LowLevel/Endpoint.o
 .text.Endpoint_Write_EStream_LE
                0x00000000       0x76 ../../LUFA/Drivers/USB/LowLevel/Endpoint.o
 .text.Endpoint_Write_Stream_BE
                0x00000000       0x7c ../../LUFA/Drivers/USB/LowLevel/Endpoint.o
 .text.Endpoint_Write_EStream_BE
                0x00000000       0x88 ../../LUFA/Drivers/USB/LowLevel/Endpoint.o
 .text.Endpoint_Write_PStream_BE
                0x00000000       0x7e ../../LUFA/Drivers/USB/LowLevel/Endpoint.o
 .text.Endpoint_Read_EStream_LE
                0x00000000       0x76 ../../LUFA/Drivers/USB/LowLevel/Endpoint.o
 .text.Endpoint_Read_Stream_BE
                0x00000000       0x7c ../../LUFA/Drivers/USB/LowLevel/Endpoint.o
 .text.Endpoint_Read_EStream_BE
                0x00000000       0x88 ../../LUFA/Drivers/USB/LowLevel/Endpoint.o
 .text.Endpoint_Write_Control_Stream_LE
                0x00000000       0xae ../../LUFA/Drivers/USB/LowLevel/Endpoint.o
 .text.Endpoint_Write_Control_EStream_LE
                0x00000000       0xdc ../../LUFA/Drivers/USB/LowLevel/Endpoint.o
 .text.Endpoint_Write_Control_Stream_BE
                0x00000000       0xba ../../LUFA/Drivers/USB/LowLevel/Endpoint.o
 .text.Endpoint_Write_Control_PStream_BE
                0x00000000       0xba ../../LUFA/Drivers/USB/LowLevel/Endpoint.o
 .text.Endpoint_Write_Control_EStream_BE
                0x00000000       0xee ../../LUFA/Drivers/USB/LowLevel/Endpoint.o
 .text.Endpoint_Read_Control_Stream_LE
                0x00000000       0x82 ../../LUFA/Drivers/USB/LowLevel/Endpoint.o
 .text.Endpoint_Read_Control_EStream_LE
                0x00000000       0x8c ../../LUFA/Drivers/USB/LowLevel/Endpoint.o
 .text.Endpoint_Read_Control_Stream_BE
                0x00000000       0x84 ../../LUFA/Drivers/USB/LowLevel/Endpoint.o
 .text.Endpoint_Read_Control_EStream_BE
                0x00000000       0x92 ../../LUFA/Drivers/USB/LowLevel/Endpoint.o
 .text          0x00000000        0x0 ../../LUFA/Drivers/USB/LowLevel/Host.o
 .bss           0x00000000        0x0 ../../LUFA/Drivers/USB/LowLevel/Host.o
 .text          0x00000000        0x0 ../../LUFA/Drivers/USB/LowLevel/Pipe.o
 .bss           0x00000000        0x0 ../../LUFA/Drivers/USB/LowLevel/Pipe.o
 .text          0x00000000        0x0 ../../LUFA/Drivers/USB/LowLevel/USBController.o
 .bss           0x00000000        0x0 ../../LUFA/Drivers/USB/LowLevel/USBController.o
 .text.USB_ShutDown
                0x00000000       0x32 ../../LUFA/Drivers/USB/LowLevel/USBController.o
 .text          0x00000000        0x0 ../../LUFA/Drivers/USB/LowLevel/USBInterrupt.o
 .bss           0x00000000        0x0 ../../LUFA/Drivers/USB/LowLevel/USBInterrupt.o
 .text          0x00000000        0x0 ../../LUFA/Drivers/USB/HighLevel/ConfigDescriptor.o
 .bss           0x00000000        0x0 ../../LUFA/Drivers/USB/HighLevel/ConfigDescriptor.o
 .text.USB_GetNextDescriptorOfType
                0x00000000       0x42 ../../LUFA/Drivers/USB/HighLevel/ConfigDescriptor.o
 .text.USB_GetNextDescriptorOfTypeBefore
                0x00000000       0x4a ../../LUFA/Drivers/USB/HighLevel/ConfigDescriptor.o
 .text.USB_GetNextDescriptorOfTypeAfter
                0x00000000       0x3e ../../LUFA/Drivers/USB/HighLevel/ConfigDescriptor.o
 .text.USB_GetNextDescriptorComp
                0x00000000       0x7c ../../LUFA/Drivers/USB/HighLevel/ConfigDescriptor.o
 .text          0x00000000        0x0 ../../LUFA/Drivers/USB/HighLevel/DeviceStandardReq.o
 .bss           0x00000000        0x0 ../../LUFA/Drivers/USB/HighLevel/DeviceStandardReq.o
 .text          0x00000000        0x0 ../../LUFA/Drivers/USB/HighLevel/Events.o
 .bss           0x00000000        0x0 ../../LUFA/Drivers/USB/HighLevel/Events.o
 .text          0x00000000        0x0 ../../LUFA/Drivers/USB/HighLevel/HostStandardReq.o
 .bss           0x00000000        0x0 ../../LUFA/Drivers/USB/HighLevel/HostStandardReq.o
 .text          0x00000000        0x0 ../../LUFA/Drivers/USB/HighLevel/USBTask.o
 .bss           0x00000000        0x0 ../../LUFA/Drivers/USB/HighLevel/USBTask.o
 .text          0x00000000        0x0 ../../LUFA/Drivers/USB/Class/Host/HIDParser.o
 .bss           0x00000000        0x0 ../../LUFA/Drivers/USB/Class/Host/HIDParser.o
 .text          0x00000000        0x0 ../../LUFA/Drivers/USB/Class/Device/Audio.o
 .bss           0x00000000        0x0 ../../LUFA/Drivers/USB/Class/Device/Audio.o
 .text.Audio_Device_ProcessControlRequest
                0x00000000       0x4c ../../LUFA/Drivers/USB/Class/Device/Audio.o
 .text.Audio_Device_ConfigureEndpoints
                0x00000000       0x56 ../../LUFA/Drivers/USB/Class/Device/Audio.o
 .text          0x00000000        0x0 ../../LUFA/Drivers/USB/Class/Device/CDC.o
 .bss           0x00000000        0x0 ../../LUFA/Drivers/USB/Class/Device/CDC.o
 .text.CDC_Device_Event_Stub
                0x00000000        0x2 ../../LUFA/Drivers/USB/Class/Device/CDC.o
 .text.CDC_Device_ProcessControlRequest
                0x00000000       0xde ../../LUFA/Drivers/USB/Class/Device/CDC.o
 .text.CDC_Device_ConfigureEndpoints
                0x00000000       0xa6 ../../LUFA/Drivers/USB/Class/Device/CDC.o
 .text.CDC_Device_SendString
                0x00000000       0x3a ../../LUFA/Drivers/USB/Class/Device/CDC.o
 .text.CDC_Device_SendByte
                0x00000000       0x4c ../../LUFA/Drivers/USB/Class/Device/CDC.o
 .text.CDC_Device_putchar
                0x00000000       0x22 ../../LUFA/Drivers/USB/Class/Device/CDC.o
 .text.CDC_Device_Flush
                0x00000000       0x52 ../../LUFA/Drivers/USB/Class/Device/CDC.o
 .text.CDC_Device_USBTask
                0x00000000       0x1e ../../LUFA/Drivers/USB/Class/Device/CDC.o
 .text.CDC_Device_BytesReceived
                0x00000000       0x46 ../../LUFA/Drivers/USB/Class/Device/CDC.o
 .text.CDC_Device_ReceiveByte
                0x00000000       0x56 ../../LUFA/Drivers/USB/Class/Device/CDC.o
 .text.CDC_Device_getchar
                0x00000000       0x14 ../../LUFA/Drivers/USB/Class/Device/CDC.o
 .text.CDC_Device_getchar_Blocking
                0x00000000       0x30 ../../LUFA/Drivers/USB/Class/Device/CDC.o
 .rodata        0x00000000        0x8 ../../LUFA/Drivers/USB/Class/Device/CDC.o
 .text.CDC_Device_SendControlLineStateChange
                0x00000000       0x8a ../../LUFA/Drivers/USB/Class/Device/CDC.o
 .text.CDC_Device_CreateStream
                0x00000000       0x26 ../../LUFA/Drivers/USB/Class/Device/CDC.o
 .text.CDC_Device_CreateBlockingStream
                0x00000000       0x26 ../../LUFA/Drivers/USB/Class/Device/CDC.o
 .text          0x00000000        0x0 ../../LUFA/Drivers/USB/Class/Device/HID.o
 .bss           0x00000000        0x0 ../../LUFA/Drivers/USB/Class/Device/HID.o
 .text.HID_Device_ProcessControlRequest
                0x00000000      0x242 ../../LUFA/Drivers/USB/Class/Device/HID.o
 .text.HID_Device_ConfigureEndpoints
                0x00000000       0x4a ../../LUFA/Drivers/USB/Class/Device/HID.o
 .text.HID_Device_USBTask
                0x00000000      0x15c ../../LUFA/Drivers/USB/Class/Device/HID.o
 .text          0x00000000        0x0 ../../LUFA/Drivers/USB/Class/Device/MassStorage.o
 .bss           0x00000000        0x2 ../../LUFA/Drivers/USB/Class/Device/MassStorage.o
 .text.StreamCallback_MS_Device_AbortOnMassStoreReset
                0x00000000       0x10 ../../LUFA/Drivers/USB/Class/Device/MassStorage.o
 .text.MS_Device_ProcessControlRequest
                0x00000000       0x6a ../../LUFA/Drivers/USB/Class/Device/MassStorage.o
 .text.MS_Device_ConfigureEndpoints
                0x00000000       0x7c ../../LUFA/Drivers/USB/Class/Device/MassStorage.o
 .text.MS_Device_USBTask
                0x00000000      0x1de ../../LUFA/Drivers/USB/Class/Device/MassStorage.o
 .text          0x00000000        0x0 ../../LUFA/Drivers/USB/Class/Device/MIDI.o
 .bss           0x00000000        0x0 ../../LUFA/Drivers/USB/Class/Device/MIDI.o
 .text          0x00000000        0x0 ../../LUFA/Drivers/USB/Class/Device/RNDIS.o
 .bss           0x00000000        0x0 ../../LUFA/Drivers/USB/Class/Device/RNDIS.o
 .text.RNDIS_Device_ProcessControlRequest
                0x00000000      0x506 ../../LUFA/Drivers/USB/Class/Device/RNDIS.o
 .text.RNDIS_Device_ConfigureEndpoints
                0x00000000       0xac ../../LUFA/Drivers/USB/Class/Device/RNDIS.o
 .rodata        0x00000000        0x8 ../../LUFA/Drivers/USB/Class/Device/RNDIS.o
 .text.RNDIS_Device_USBTask
                0x00000000      0x1e8 ../../LUFA/Drivers/USB/Class/Device/RNDIS.o
 .progmem.data  0x00000000       0x6c ../../LUFA/Drivers/USB/Class/Device/RNDIS.o
 .text          0x00000000        0x0 ../../LUFA/Drivers/USB/Class/Host/CDC.o
 .bss           0x00000000        0x0 ../../LUFA/Drivers/USB/Class/Host/CDC.o
 .text          0x00000000        0x0 ../../LUFA/Drivers/USB/Class/Host/HID.o
 .bss           0x00000000        0x0 ../../LUFA/Drivers/USB/Class/Host/HID.o
 .text          0x00000000        0x0 ../../LUFA/Drivers/USB/Class/Host/MassStorage.o
 .bss           0x00000000        0x0 ../../LUFA/Drivers/USB/Class/Host/MassStorage.o
 .text          0x00000000        0x0 ../../LUFA/Drivers/USB/Class/Host/MIDI.o
 .bss           0x00000000        0x0 ../../LUFA/Drivers/USB/Class/Host/MIDI.o
 .text          0x00000000        0x0 ../../LUFA/Drivers/USB/Class/Host/Printer.o
 .bss           0x00000000        0x0 ../../LUFA/Drivers/USB/Class/Host/Printer.o
 .text          0x00000000        0x0 ../../LUFA/Drivers/USB/Class/Host/RNDIS.o
 .bss           0x00000000        0x0 ../../LUFA/Drivers/USB/Class/Host/RNDIS.o
 .text          0x00000000        0x0 ../../LUFA/Drivers/USB/Class/Host/StillImage.o
 .bss           0x00000000        0x0 ../../LUFA/Drivers/USB/Class/Host/StillImage.o
 .text          0x00000000        0x0 /usr/lib/gcc/avr/4.8.2/avr35/libgcc.a(_exit.o)
 .bss           0x00000000        0x0 /usr/lib/gcc/avr/4.8.2/avr35/libgcc.a(_exit.o)
 .text.libgcc.mul
                0x00000000        0x0 /usr/lib/gcc/avr/4.8.2/avr35/libgcc.a(_exit.o)
 .text.libgcc.div
                0x00000000        0x0 /usr/lib/gcc/avr/4.8.2/avr35/libgcc.a(_exit.o)
 .text.libgcc   0x00000000        0x0 /usr/lib/gcc/avr/4.8.2/avr35/libgcc.a(_exit.o)
 .text.libgcc.prologue
                0x00000000        0x0 /usr/lib/gcc/avr/4.8.2/avr35/libgcc.a(_exit.o)
 .text.libgcc.builtins
                0x00000000        0x0 /usr/lib/gcc/avr/4.8.2/avr35/libgcc.a(_exit.o)
 .text.libgcc.fmul
                0x00000000        0x0 /usr/lib/gcc/avr/4.8.2/avr35/libgcc.a(_exit.o)
 .text.libgcc.fixed
                0x00000000        0x0 /usr/lib/gcc/avr/4.8.2/avr35/libgcc.a(_exit.o)
 .text          0x00000000        0x0 /usr/lib/gcc/avr/4.8.2/avr35/libgcc.a(_tablejump.o)
 .bss           0x00000000        0x0 /usr/lib/gcc/avr/4.8.2/avr35/libgcc.a(_tablejump.o)
 .text.libgcc.mul
                0x00000000        0x0 /usr/lib/gcc/avr/4.8.2/avr35/libgcc.a(_tablejump.o)
 .text.libgcc.div
                0x00000000        0x0 /usr/lib/gcc/avr/4.8.2/avr35/libgcc.a(_tablejump.o)
 .text.libgcc.prologue
                0x00000000        0x0 /usr/lib/gcc/avr/4.8.2/avr35/libgcc.a(_tablejump.o)
 .text.libgcc.builtins
                0x00000000        0x0 /usr/lib/gcc/avr/4.8.2/avr35/libgcc.a(_tablejump.o)
 .text.libgcc.fmul
                0x00000000        0x0 /usr/lib/gcc/avr/4.8.2/avr35/libgcc.a(_tablejump.o)
 .text.libgcc.fixed
                0x00000000        0x0 /usr/lib/gcc/avr/4.8.2/avr35/libgcc.a(_tablejump.o)
 .text          0x00000000        0x0 /usr/lib/gcc/avr/4.8.2/avr35/libgcc.a(_copy_data.o)
 .bss           0x00000000        0x0 /usr/lib/gcc/avr/4.8.2/avr35/libgcc.a(_copy_data.o)
 .text.libgcc.mul
                0x00000000        0x0 /usr/lib/gcc/avr/4.8.2/avr35/libgcc.a(_copy_data.o)
 .text.libgcc.div
                0x00000000        0x0 /usr/lib/gcc/avr/4.8.2/avr35/libgcc.a(_copy_data.o)
 .text.libgcc   0x00000000        0x0 /usr/lib/gcc/avr/4.8.2/avr35/libgcc.a(_copy_data.o)
 .text.libgcc.prologue
                0x00000000        0x0 /usr/lib/gcc/avr/4.8.2/avr35/libgcc.a(_copy_data.o)
 .text.libgcc.builtins
                0x00000000        0x0 /usr/lib/gcc/avr/4.8.2/avr35/libgcc.a(_copy_data.o)
 .text.libgcc.fmul
                0x00000000        0x0 /usr/lib/gcc/avr/4.8.2/avr35/libgcc.a(_copy_data.o)
 .text.libgcc.fixed
                0x00000000        0x0 /usr/lib/gcc/avr/4.8.2/avr35/libgcc.a(_copy_data.o)
 .text          0x00000000        0x0 /usr/lib/gcc/avr/4.8.2/avr35/libgcc.a(_clear_bss.o)
 .bss           0x00000000        0x0 /usr/lib/gcc/avr/4.8.2/avr35/libgcc.a(_clear_bss.o)
 .text.libgcc.mul
                0x00000000        0x0 /usr/lib/gcc/avr/4.8.2/avr35/libgcc.a(_clear_bss.o)
 .text.libgcc.div
                0x00000000        0x0 /usr/lib/gcc/avr/4.8.2/avr35/libgcc.a(_clear_bss.o)
 .text.libgcc   0x00000000        0x0 /usr/lib/gcc/avr/4.8.2/avr35/libgcc.a(_clear_bss.o)
 .text.libgcc.prologue
                0x00000000        0x0 /usr/lib/gcc/avr/4.8.2/avr35/libgcc.a(_clear_bss.o)
 .text.libgcc.builtins
                0x00000000        0x0 /usr/lib/gcc/avr/4.8.2/avr35/libgcc.a(_clear_bss.o)
 .text.libgcc.fmul
                0x00000000        0x0 /usr/lib/gcc/avr/4.8.2/avr35/libgcc.a(_clear_bss.o)
 .text.libgcc.fixed
                0x00000000        0x0 /usr/lib/gcc/avr/4.8.2/avr35/libgcc.a(_clear_bss.o)
 .text          0x00000000        0x0 /usr/lib/gcc/avr/4.8.2/../../../avr/lib/avr35/libc.a(memcpy_P.o)
 .bss           0x00000000        0x0 /usr/lib/gcc/avr/4.8.2/../../../avr/lib/avr35/libc.a(memcpy_P.o)
 .text.avr-libc
                0x00000000       0x12 /usr/lib/gcc/avr/4.8.2/../../../avr/lib/avr35/libc.a(memcpy_P.o)
 .text          0x00000000        0x0 /usr/lib/gcc/avr/4.8.2/../../../avr/lib/avr35/libc.a(memcmp.o)
 .bss           0x00000000        0x0 /usr/lib/gcc/avr/4.8.2/../../../avr/lib/avr35/libc.a(memcmp.o)
 .text.avr-libc
                0x00000000       0x1a /usr/lib/gcc/avr/4.8.2/../../../avr/lib/avr35/libc.a(memcmp.o)
 .text          0x00000000        0x0 /usr/lib/gcc/avr/4.8.2/../../../avr/lib/avr35/libc.a(memcpy.o)
 .bss           0x00000000        0x0 /usr/lib/gcc/avr/4.8.2/../../../avr/lib/avr35/libc.a(memcpy.o)
 .text.avr-libc
                0x00000000       0x12 /usr/lib/gcc/avr/4.8.2/../../../avr/lib/avr35/libc.a(memcpy.o)
 .text          0x00000000        0x0 /usr/lib/gcc/avr/4.8.2/../../../avr/lib/avr35/libc.a(memset.o)
 .bss           0x00000000        0x0 /usr/lib/gcc/avr/4.8.2/../../../avr/lib/avr35/libc.a(memset.o)
 .text.avr-libc
                0x00000000        0xe /usr/lib/gcc/avr/4.8.2/../../../avr/lib/avr35/libc.a(memset.o)
 .text          0x00000000        0x0 /usr/lib/gcc/avr/4.8.2/../../../avr/lib/avr35/libc.a(eerd_byte_atmega16u2.o)
 .bss           0x00000000        0x0 /usr/lib/gcc/avr/4.8.2/../../../avr/lib/avr35/libc.a(eerd_byte_atmega16u2.o)
 .text.avr-libc
                0x00000000       0x10 /usr/lib/gcc/avr/4.8.2/../../../avr/lib/avr35/libc.a(eerd_byte_atmega16u2.o)
 .text          0x00000000        0x0 /usr/lib/gcc/avr/4.8.2/../../../avr/lib/avr35/libc.a(eeupd_byte_atmega16u2.o)
 .bss           0x00000000        0x0 /usr/lib/gcc/avr/4.8.2/../../../avr/lib/avr35/libc.a(eeupd_byte_atmega16u2.o)
 .text.avr-libc
                0x00000000       0x24 /usr/lib/gcc/avr/4.8.2/../../../avr/lib/avr35/libc.a(eeupd_byte_atmega16u2.o)

Memory Configuration

Name             Origin             Length             Attributes
text             0x00000000         0x00010000         xr
data             0x00800060         0x0000ffa0         rw !x
eeprom           0x00810000         0x00010000         rw !x
fuse             0x00820000         0x00000400         rw !x
lock             0x00830000         0x00000400         rw !x
signature        0x00840000         0x00000400         rw !x
user_signatures  0x00850000         0x00000400         rw !x
*default*        0x00000000         0xffffffff

Linker script and memory map

Address of section .data set to 0x800100
LOAD /usr/lib/gcc/avr/4.8.2/../../../avr/lib/avr35/crtm8u2.o
LOAD Arduino-usbmidi.o
LOAD Descriptors.o
LOAD ../../LUFA/Drivers/USB/LowLevel/Device.o
LOAD ../../LUFA/Drivers/USB/LowLevel/Endpoint.o
LOAD ../../LUFA/Drivers/USB/LowLevel/Host.o
LOAD ../../LUFA/Drivers/USB/LowLevel/Pipe.o
LOAD ../../LUFA/Drivers/USB/LowLevel/USBController.o
LOAD ../../LUFA/Drivers/USB/LowLevel/USBInterrupt.o
LOAD ../../LUFA/Drivers/USB/HighLevel/ConfigDescriptor.o
LOAD ../../LUFA/Drivers/USB/HighLevel/DeviceStandardReq.o
LOAD ../../LUFA/Drivers/USB/HighLevel/Events.o
LOAD ../../LUFA/Drivers/USB/HighLevel/HostStandardReq.o
LOAD ../../LUFA/Drivers/USB/HighLevel/USBTask.o
LOAD ../../LUFA/Drivers/USB/Class/Host/HIDParser.o
LOAD ../../LUFA/Drivers/USB/Class/Device/Audio.o
LOAD ../../LUFA/Drivers/USB/Class/Device/CDC.o
LOAD ../../LUFA/Drivers/USB/Class/Device/HID.o
LOAD ../../LUFA/Drivers/USB/Class/Device/MassStorage.o
LOAD ../../LUFA/Drivers/USB/Class/Device/MIDI.o
LOAD ../../LUFA/Drivers/USB/Class/Device/RNDIS.o
LOAD ../../LUFA/Drivers/USB/Class/Host/CDC.o
LOAD ../../LUFA/Drivers/USB/Class/Host/HID.o
LOAD ../../LUFA/Drivers/USB/Class/Host/MassStorage.o
LOAD ../../LUFA/Drivers/USB/Class/Host/MIDI.o
LOAD ../../LUFA/Drivers/USB/Class/Host/Printer.o
LOAD ../../LUFA/Drivers/USB/Class/Host/RNDIS.o
LOAD ../../LUFA/Drivers/USB/Class/Host/StillImage.o
LOAD /usr/lib/gcc/avr/4.8.2/../../../avr/lib/avr35/libm.a
START GROUP
LOAD /usr/lib/gcc/avr/4.8.2/avr35/libgcc.a
LOAD /usr/lib/gcc/avr/4.8.2/../../../avr/lib/avr35/libm.a
LOAD /usr/lib/gcc/avr/4.8.2/../../../avr/lib/avr35/libc.a
END GROUP

.hash
 *(.hash)

.dynsym
 *(.dynsym)

.dynstr
 *(.dynstr)

.gnu.version
 *(.gnu.version)

.gnu.version_d
 *(.gnu.version_d)

.gnu.version_r
 *(.gnu.version_r)

.rel.init
 *(.rel.init)

.rela.init
 *(.rela.init)

.rel.text
 *(.rel.text)
 *(.rel.text.*)
 *(.rel.gnu.linkonce.t*)

.rela.text
 *(.rela.text)
 *(.rela.text.*)
 *(.rela.gnu.linkonce.t*)

.rel.fini
 *(.rel.fini)

.rela.fini
 *(.rela.fini)

.rel.rodata
 *(.rel.rodata)
 *(.rel.rodata.*)
 *(.rel.gnu.linkonce.r*)

.rela.rodata
 *(.rela.rodata)
 *(.rela.rodata.*)
 *(.rela.gnu.linkonce.r*)

.rel.data
 *(.rel.data)
 *(.rel.data.*)
 *(.rel.gnu.linkonce.d*)

.rela.data
 *(.rela.data)
 *(.rela.data.*)
 *(.rela.gnu.linkonce.d*)

.rel.ctors
 *(.rel.ctors)

.rela.ctors
 *(.rela.ctors)

.rel.dtors
 *(.rel.dtors)

.rela.dtors
 *(.rela.dtors)

.rel.got
 *(.rel.got)

.rela.got
 *(.rela.got)

.rel.bss
 *(.rel.bss)

.rela.bss
 *(.rela.bss)

.rel.plt
 *(.rel.plt)

.rela.plt
 *(.rela.plt)

.text           0x00000000      0xc50
 *(.vectors)
 .vectors       0x00000000       0x74 /usr/lib/gcc/avr/4.8.2/../../../avr/lib/avr35/crtm8u2.o
                0x00000000                __vectors
                0x00000000                __vector_default
 *(.vectors)
 *(.progmem.gcc*)
 .progmem.gcc_sw_table.USB_Device_ProcessControlRequest
                0x00000074       0x14 ../../LUFA/Drivers/USB/HighLevel/DeviceStandardReq.o
 *(.progmem*)
 .progmem.data  0x00000088       0xa9 Descriptors.o
                0x00000088                ProductString
                0x000000a4                ManufacturerString
                0x000000b6                LanguageString
                0x000000ba                ConfigurationDescriptor
                0x0000011f                DeviceDescriptor
                0x00000132                . = ALIGN (0x2)
 *fill*         0x00000131        0x1 
                0x00000132                __trampolines_start = .
 *(.trampolines)
 .trampolines   0x00000132        0x0 linker stubs
 *(.trampolines*)
                0x00000132                __trampolines_end = .
 *(.jumptables)
 *(.jumptables*)
 *(.lowtext)
 *(.lowtext*)
                0x00000132                __ctors_start = .
 *(.ctors)
                0x00000132                __ctors_end = .
                0x00000132                __dtors_start = .
 *(.dtors)
                0x00000132                __dtors_end = .
 SORT(*)(.ctors)
 SORT(*)(.dtors)
 *(.init0)
 .init0         0x00000132        0x0 /usr/lib/gcc/avr/4.8.2/../../../avr/lib/avr35/crtm8u2.o
                0x00000132                __init
 *(.init0)
 *(.init1)
 *(.init1)
 *(.init2)
 .init2         0x00000132        0xc /usr/lib/gcc/avr/4.8.2/../../../avr/lib/avr35/crtm8u2.o
 *(.init2)
 *(.init3)
 *(.init3)
 *(.init4)
 .init4         0x0000013e       0x16 /usr/lib/gcc/avr/4.8.2/avr35/libgcc.a(_copy_data.o)
                0x0000013e                __do_copy_data
 .init4         0x00000154       0x10 /usr/lib/gcc/avr/4.8.2/avr35/libgcc.a(_clear_bss.o)
                0x00000154                __do_clear_bss
 *(.init4)
 *(.init5)
 *(.init5)
 *(.init6)
 *(.init6)
 *(.init7)
 *(.init7)
 *(.init8)
 *(.init8)
 *(.init9)
 .init9         0x00000164        0x4 /usr/lib/gcc/avr/4.8.2/../../../avr/lib/avr35/crtm8u2.o
 *(.init9)
 *(.text)
 .text          0x00000168        0x2 /usr/lib/gcc/avr/4.8.2/../../../avr/lib/avr35/crtm8u2.o
                0x00000168                __vector_22
                0x00000168                __vector_28
                0x00000168                __vector_1
                0x00000168                __vector_24
                0x00000168                __vector_12
                0x00000168                __bad_interrupt
                0x00000168                __vector_6
                0x00000168                __vector_3
                0x00000168                __vector_25
                0x00000168                __vector_13
                0x00000168                __vector_17
                0x00000168                __vector_19
                0x00000168                __vector_7
                0x00000168                __vector_27
                0x00000168                __vector_5
                0x00000168                __vector_4
                0x00000168                __vector_9
                0x00000168                __vector_2
                0x00000168                __vector_21
                0x00000168                __vector_15
                0x00000168                __vector_8
                0x00000168                __vector_26
                0x00000168                __vector_14
                0x00000168                __vector_10
                0x00000168                __vector_16
                0x00000168                __vector_18
                0x00000168                __vector_20
                0x0000016a                . = ALIGN (0x2)
 *(.text.*)
 .text.RingBuffer_Insert
                0x0000016a       0x3c Arduino-usbmidi.o
 .text.RingBuffer_Remove
                0x000001a6       0x3a Arduino-usbmidi.o
 .text.LEDs_SetAllLEDs
                0x000001e0        0xc Arduino-usbmidi.o
 .text.RingBuffer_GetCount.isra.1
                0x000001ec        0xc Arduino-usbmidi.o
 .text.SetupHardware
                0x000001f8       0xa2 Arduino-usbmidi.o
                0x000001f8                SetupHardware
 .text.startup.main
                0x0000029a      0x160 Arduino-usbmidi.o
                0x0000029a                main
 .text.EVENT_USB_Device_Connect
                0x000003fa        0x4 Arduino-usbmidi.o
                0x000003fa                EVENT_USB_Device_Connect
 .text.EVENT_USB_Device_Disconnect
                0x000003fe        0x4 Arduino-usbmidi.o
                0x000003fe                EVENT_USB_Device_Disconnect
 .text.EVENT_USB_Device_ConfigurationChanged
                0x00000402       0x14 Arduino-usbmidi.o
                0x00000402                EVENT_USB_Device_ConfigurationChanged
 .text.EVENT_USB_Device_UnhandledControlRequest
                0x00000416        0x2 Arduino-usbmidi.o
                0x00000416                EVENT_USB_Device_UnhandledControlRequest
 .text.__vector_23
                0x00000418       0x6c Arduino-usbmidi.o
                0x00000418                __vector_23
 .text.CALLBACK_USB_GetDescriptor
                0x00000484       0x64 Descriptors.o
                0x00000484                CALLBACK_USB_GetDescriptor
 .text.Endpoint_BytesToEPSizeMaskDynamic
                0x000004e8       0x1c ../../LUFA/Drivers/USB/LowLevel/Endpoint.o
                0x000004e8                Endpoint_BytesToEPSizeMaskDynamic
 .text.Endpoint_ConfigureEndpoint_Prv
                0x00000504       0x26 ../../LUFA/Drivers/USB/LowLevel/Endpoint.o
                0x00000504                Endpoint_ConfigureEndpoint_Prv
 .text.Endpoint_ClearEndpoints
                0x0000052a       0x28 ../../LUFA/Drivers/USB/LowLevel/Endpoint.o
                0x0000052a                Endpoint_ClearEndpoints
 .text.Endpoint_ClearStatusStage
                0x00000552       0x3e ../../LUFA/Drivers/USB/LowLevel/Endpoint.o
                0x00000552                Endpoint_ClearStatusStage
 .text.Endpoint_WaitUntilReady
                0x00000590       0x5a ../../LUFA/Drivers/USB/LowLevel/Endpoint.o
                0x00000590                Endpoint_WaitUntilReady
 .text.Endpoint_Write_Stream_LE
                0x000005ea       0x60 ../../LUFA/Drivers/USB/LowLevel/Endpoint.o
                0x000005ea                Endpoint_Write_Stream_LE
 .text.Endpoint_Read_Stream_LE
                0x0000064a       0x60 ../../LUFA/Drivers/USB/LowLevel/Endpoint.o
                0x0000064a                Endpoint_Read_Stream_LE
 .text.Endpoint_Write_Control_PStream_LE
                0x000006aa       0xb0 ../../LUFA/Drivers/USB/LowLevel/Endpoint.o
                0x000006aa                Endpoint_Write_Control_PStream_LE
 .text.USB_ResetInterface
                0x0000075a       0x78 ../../LUFA/Drivers/USB/LowLevel/USBController.o
                0x0000075a                USB_ResetInterface
 .text.USB_Init
                0x000007d2        0xa ../../LUFA/Drivers/USB/LowLevel/USBController.o
                0x000007d2                USB_Init
 .text.USB_INT_DisableAllInterrupts
                0x000007dc        0x6 ../../LUFA/Drivers/USB/LowLevel/USBInterrupt.o
                0x000007dc                USB_INT_DisableAllInterrupts
 .text.USB_INT_ClearAllInterrupts
                0x000007e2        0x6 ../../LUFA/Drivers/USB/LowLevel/USBInterrupt.o
                0x000007e2                USB_INT_ClearAllInterrupts
 .text.__vector_11
                0x000007e8      0x144 ../../LUFA/Drivers/USB/LowLevel/USBInterrupt.o
                0x000007e8                __vector_11
 .text.USB_Device_ProcessControlRequest
                0x0000092c      0x1d8 ../../LUFA/Drivers/USB/HighLevel/DeviceStandardReq.o
                0x0000092c                USB_Device_ProcessControlRequest
 .text.USB_Event_Stub
                0x00000b04        0x2 ../../LUFA/Drivers/USB/HighLevel/Events.o
                0x00000b04                EVENT_USB_Device_WakeUp
                0x00000b04                USB_Event_Stub
                0x00000b04                EVENT_USB_Device_Suspend
                0x00000b04                EVENT_USB_Device_StartOfFrame
                0x00000b04                EVENT_USB_Device_Reset
 .text.USB_USBTask
                0x00000b06       0x22 ../../LUFA/Drivers/USB/HighLevel/USBTask.o
                0x00000b06                USB_USBTask
 .text.MIDI_Device_ConfigureEndpoints
                0x00000b28       0x72 ../../LUFA/Drivers/USB/Class/Device/MIDI.o
                0x00000b28                MIDI_Device_ConfigureEndpoints
 .text.MIDI_Device_SendEventPacket
                0x00000b9a       0x40 ../../LUFA/Drivers/USB/Class/Device/MIDI.o
                0x00000b9a                MIDI_Device_SendEventPacket
 .text.MIDI_Device_Flush
                0x00000bda       0x2a ../../LUFA/Drivers/USB/Class/Device/MIDI.o
                0x00000bda                MIDI_Device_Flush
 .text.MIDI_Device_ReceiveEventPacket
                0x00000c04       0x3c ../../LUFA/Drivers/USB/Class/Device/MIDI.o
                0x00000c04                MIDI_Device_ReceiveEventPacket
 .text.libgcc   0x00000c40        0xc /usr/lib/gcc/avr/4.8.2/avr35/libgcc.a(_tablejump.o)
                0x00000c40                __tablejump2__
                0x00000c44                __tablejump__
                0x00000c4c                . = ALIGN (0x2)
 *(.fini9)
 .fini9         0x00000c4c        0x0 /usr/lib/gcc/avr/4.8.2/avr35/libgcc.a(_exit.o)
                0x00000c4c                exit
                0x00000c4c                _exit
 *(.fini9)
 *(.fini8)
 *(.fini8)
 *(.fini7)
 *(.fini7)
 *(.fini6)
 *(.fini6)
 *(.fini5)
 *(.fini5)
 *(.fini4)
 *(.fini4)
 *(.fini3)
 *(.fini3)
 *(.fini2)
 *(.fini2)
 *(.fini1)
 *(.fini1)
 *(.fini0)
 .fini0         0x00000c4c        0x4 /usr/lib/gcc/avr/4.8.2/avr35/libgcc.a(_exit.o)
 *(.fini0)
                0x00000c50                _etext = .

.data           0x00800100        0xa load address 0x00000c50
                0x00800100                PROVIDE (__data_start, .)
 *(.data)
 .data          0x00800100        0x0 /usr/lib/gcc/avr/4.8.2/../../../avr/lib/avr35/crtm8u2.o
 .data          0x00800100        0x9 Arduino-usbmidi.o
                0x00800100                Keyboard_MIDI_Interface
 .data          0x00800109        0x0 Descriptors.o
 .data          0x00800109        0x0 ../../LUFA/Drivers/USB/LowLevel/Device.o
 .data          0x00800109        0x0 ../../LUFA/Drivers/USB/LowLevel/Endpoint.o
 .data          0x00800109        0x0 ../../LUFA/Drivers/USB/LowLevel/Host.o
 .data          0x00800109        0x0 ../../LUFA/Drivers/USB/LowLevel/Pipe.o
 .data          0x00800109        0x0 ../../LUFA/Drivers/USB/LowLevel/USBController.o
 .data          0x00800109        0x0 ../../LUFA/Drivers/USB/LowLevel/USBInterrupt.o
 .data          0x00800109        0x0 ../../LUFA/Drivers/USB/HighLevel/ConfigDescriptor.o
 .data          0x00800109        0x0 ../../LUFA/Drivers/USB/HighLevel/DeviceStandardReq.o
 .data          0x00800109        0x0 ../../LUFA/Drivers/USB/HighLevel/Events.o
 .data          0x00800109        0x0 ../../LUFA/Drivers/USB/HighLevel/HostStandardReq.o
 .data          0x00800109        0x0 ../../LUFA/Drivers/USB/HighLevel/USBTask.o
 .data          0x00800109        0x0 ../../LUFA/Drivers/USB/Class/Host/HIDParser.o
 .data          0x00800109        0x0 ../../LUFA/Drivers/USB/Class/Device/Audio.o
 .data          0x00800109        0x0 ../../LUFA/Drivers/USB/Class/Device/CDC.o
 .data          0x00800109        0x0 ../../LUFA/Drivers/USB/Class/Device/HID.o
 .data          0x00800109        0x0 ../../LUFA/Drivers/USB/Class/Device/MassStorage.o
 .data          0x00800109        0x0 ../../LUFA/Drivers/USB/Class/Device/MIDI.o
 .data          0x00800109        0x0 ../../LUFA/Drivers/USB/Class/Device/RNDIS.o
 .data          0x00800109        0x0 ../../LUFA/Drivers/USB/Class/Host/CDC.o
 .data          0x00800109        0x0 ../../LUFA/Drivers/USB/Class/Host/HID.o
 .data          0x00800109        0x0 ../../LUFA/Drivers/USB/Class/Host/MassStorage.o
 .data          0x00800109        0x0 ../../LUFA/Drivers/USB/Class/Host/MIDI.o
 .data          0x00800109        0x0 ../../LUFA/Drivers/USB/Class/Host/Printer.o
 .data          0x00800109        0x0 ../../LUFA/Drivers/USB/Class/Host/RNDIS.o
 .data          0x00800109        0x0 ../../LUFA/Drivers/USB/Class/Host/StillImage.o
 .data          0x00800109        0x0 /usr/lib/gcc/avr/4.8.2/avr35/libgcc.a(_exit.o)
 .data          0x00800109        0x0 /usr/lib/gcc/avr/4.8.2/avr35/libgcc.a(_tablejump.o)
 .data          0x00800109        0x0 /usr/lib/gcc/avr/4.8.2/avr35/libgcc.a(_copy_data.o)
 .data          0x00800109        0x0 /usr/lib/gcc/avr/4.8.2/avr35/libgcc.a(_clear_bss.o)
 .data          0x00800109        0x0 /usr/lib/gcc/avr/4.8.2/../../../avr/lib/avr35/libc.a(memcpy_P.o)
 .data          0x00800109        0x0 /usr/lib/gcc/avr/4.8.2/../../../avr/lib/avr35/libc.a(memcmp.o)
 .data          0x00800109        0x0 /usr/lib/gcc/avr/4.8.2/../../../avr/lib/avr35/libc.a(memcpy.o)
 .data          0x00800109        0x0 /usr/lib/gcc/avr/4.8.2/../../../avr/lib/avr35/libc.a(memset.o)
 .data          0x00800109        0x0 /usr/lib/gcc/avr/4.8.2/../../../avr/lib/avr35/libc.a(eerd_byte_atmega16u2.o)
 .data          0x00800109        0x0 /usr/lib/gcc/avr/4.8.2/../../../avr/lib/avr35/libc.a(eeupd_byte_atmega16u2.o)
 *(.data*)
 *(.rodata)
 *(.rodata*)
 *(.gnu.linkonce.d*)
                0x0080010a                . = ALIGN (0x2)
 *fill*         0x00800109        0x1 
                0x0080010a                _edata = .
                0x0080010a                PROVIDE (__data_end, .)

.bss            0x0080010a      0x115
                0x0080010a                PROVIDE (__bss_start, .)
 *(.bss)
 *(.bss*)
 *(COMMON)
 COMMON         0x0080010a      0x10a Arduino-usbmidi.o
                0x0080010a                USARTtoUSB_Buffer
                0x0080018f                USBtoUSART_Buffer
 COMMON         0x00800214        0x2 ../../LUFA/Drivers/USB/HighLevel/DeviceStandardReq.o
                0x00800214                USB_CurrentlySelfPowered
                0x00800215                USB_ConfigurationNumber
 COMMON         0x00800216        0x9 ../../LUFA/Drivers/USB/HighLevel/USBTask.o
                0x00800216                USB_IsInitialized
                0x00800217                USB_ControlRequest
                0x0080021f                PROVIDE (__bss_end, .)
                0x00000c50                __data_load_start = LOADADDR (.data)
                0x00000c5a                __data_load_end = (__data_load_start + SIZEOF (.data))

.noinit         0x0080021f        0x0
                0x0080021f                PROVIDE (__noinit_start, .)
 *(.noinit*)
                0x0080021f                PROVIDE (__noinit_end, .)
                0x0080021f                _end = .
                0x0080021f                PROVIDE (__heap_start, .)

.eeprom         0x00810000        0x0
 *(.eeprom*)
                0x00810000                __eeprom_end = .

.fuse
 *(.fuse)
 *(.lfuse)
 *(.hfuse)
 *(.efuse)

.lock
 *(.lock*)

.signature
 *(.signature*)

.user_signatures
 *(.user_signatures*)

.stab           0x00000000      0xa98
 *(.stab)
 .stab          0x00000000      0x6cc /usr/lib/gcc/avr/4.8.2/../../../avr/lib/avr35/crtm8u2.o
 .stab          0x000006cc       0x84 /usr/lib/gcc/avr/4.8.2/../../../avr/lib/avr35/libc.a(memcpy_P.o)
                                 0x90 (size before relaxing)
 .stab          0x00000750       0xb4 /usr/lib/gcc/avr/4.8.2/../../../avr/lib/avr35/libc.a(memcmp.o)
                                 0xc0 (size before relaxing)
 .stab          0x00000804       0x84 /usr/lib/gcc/avr/4.8.2/../../../avr/lib/avr35/libc.a(memcpy.o)
                                 0x90 (size before relaxing)
 .stab          0x00000888       0x6c /usr/lib/gcc/avr/4.8.2/../../../avr/lib/avr35/libc.a(memset.o)
                                 0x78 (size before relaxing)
 .stab          0x000008f4       0x90 /usr/lib/gcc/avr/4.8.2/../../../avr/lib/avr35/libc.a(eerd_byte_atmega16u2.o)
                                 0x9c (size before relaxing)
 .stab          0x00000984      0x114 /usr/lib/gcc/avr/4.8.2/../../../avr/lib/avr35/libc.a(eeupd_byte_atmega16u2.o)
                                0x120 (size before relaxing)

.stabstr        0x00000000      0x16f
 *(.stabstr)
 .stabstr       0x00000000      0x16f /usr/lib/gcc/avr/4.8.2/../../../avr/lib/avr35/crtm8u2.o

.stab.excl
 *(.stab.excl)

.stab.exclstr
 *(.stab.exclstr)

.stab.index
 *(.stab.index)

.stab.indexstr
 *(.stab.indexstr)

.comment        0x00000000       0x11
 *(.comment)
 .comment       0x00000000       0x11 Arduino-usbmidi.o
                                 0x12 (size before relaxing)
 .comment       0x00000000       0x12 Descriptors.o
 .comment       0x00000000       0x12 ../../LUFA/Drivers/USB/LowLevel/Device.o
 .comment       0x00000000       0x12 ../../LUFA/Drivers/USB/LowLevel/Endpoint.o
 .comment       0x00000000       0x12 ../../LUFA/Drivers/USB/LowLevel/Host.o
 .comment       0x00000000       0x12 ../../LUFA/Drivers/USB/LowLevel/Pipe.o
 .comment       0x00000000       0x12 ../../LUFA/Drivers/USB/LowLevel/USBController.o
 .comment       0x00000000       0x12 ../../LUFA/Drivers/USB/LowLevel/USBInterrupt.o
 .comment       0x00000000       0x12 ../../LUFA/Drivers/USB/HighLevel/ConfigDescriptor.o
 .comment       0x00000000       0x12 ../../LUFA/Drivers/USB/HighLevel/DeviceStandardReq.o
 .comment       0x00000000       0x12 ../../LUFA/Drivers/USB/HighLevel/Events.o
 .comment       0x00000000       0x12 ../../LUFA/Drivers/USB/HighLevel/HostStandardReq.o
 .comment       0x00000000       0x12 ../../LUFA/Drivers/USB/HighLevel/USBTask.o
 .comment       0x00000000       0x12 ../../LUFA/Drivers/USB/Class/Host/HIDParser.o
 .comment       0x00000000       0x12 ../../LUFA/Drivers/USB/Class/Device/Audio.o
 .comment       0x00000000       0x12 ../../LUFA/Drivers/USB/Class/Device/CDC.o
 .comment       0x00000000       0x12 ../../LUFA/Drivers/USB/Class/Device/HID.o
 .comment       0x00000000       0x12 ../../LUFA/Drivers/USB/Class/Device/MassStorage.o
 .comment       0x00000000       0x12 ../../LUFA/Drivers/USB/Class/Device/MIDI.o
 .comment       0x00000000       0x12 ../../LUFA/Drivers/USB/Class/Device/RNDIS.o
 .comment       0x00000000       0x12 ../../LUFA/Drivers/USB/Class/Host/CDC.o
 .comment       0x00000000       0x12 ../../LUFA/Drivers/USB/Class/Host/HID.o
 .comment       0x00000000       0x12 ../../LUFA/Drivers/USB/Class/Host/MassStorage.o
 .comment       0x00000000       0x12 ../../LUFA/Drivers/USB/Class/Host/MIDI.o
 .comment       0x00000000       0x12 ../../LUFA/Drivers/USB/Class/Host/Printer.o
 .comment       0x00000000       0x12 ../../LUFA/Drivers/USB/Class/Host/RNDIS.o
 .comment       0x00000000       0x12 ../../LUFA/Drivers/USB/Class/Host/StillImage.o

.debug
 *(.debug)

.line
 *(.line)

.debug_srcinfo
 *(.debug_srcinfo)

.debug_sfnames
 *(.debug_sfnames)

.debug_aranges  0x00000000      0x418
 *(.debug_aranges)
 .debug_aranges
                0x00000000       0x70 Arduino-usbmidi.o
 .debug_aranges
                0x00000070       0x20 Descriptors.o
 .debug_aranges
                0x00000090       0x20 ../../LUFA/Drivers/USB/LowLevel/Device.o
 .debug_aranges
                0x000000b0       0xe8 ../../LUFA/Drivers/USB/LowLevel/Endpoint.o
 .debug_aranges
                0x00000198       0x30 ../../LUFA/Drivers/USB/LowLevel/USBController.o
 .debug_aranges
                0x000001c8       0x30 ../../LUFA/Drivers/USB/LowLevel/USBInterrupt.o
 .debug_aranges
                0x000001f8       0x38 ../../LUFA/Drivers/USB/HighLevel/ConfigDescriptor.o
 .debug_aranges
                0x00000230       0x20 ../../LUFA/Drivers/USB/HighLevel/DeviceStandardReq.o
 .debug_aranges
                0x00000250       0x20 ../../LUFA/Drivers/USB/HighLevel/Events.o
 .debug_aranges
                0x00000270       0x20 ../../LUFA/Drivers/USB/HighLevel/USBTask.o
 .debug_aranges
                0x00000290       0x28 ../../LUFA/Drivers/USB/Class/Device/Audio.o
 .debug_aranges
                0x000002b8       0x90 ../../LUFA/Drivers/USB/Class/Device/CDC.o
 .debug_aranges
                0x00000348       0x30 ../../LUFA/Drivers/USB/Class/Device/HID.o
 .debug_aranges
                0x00000378       0x38 ../../LUFA/Drivers/USB/Class/Device/MassStorage.o
 .debug_aranges
                0x000003b0       0x38 ../../LUFA/Drivers/USB/Class/Device/MIDI.o
 .debug_aranges
                0x000003e8       0x30 ../../LUFA/Drivers/USB/Class/Device/RNDIS.o

.debug_pubnames
 *(.debug_pubnames)

.debug_info     0x00000000     0x7e24
 *(.debug_info)
 .debug_info    0x00000000      0xb73 Arduino-usbmidi.o
 .debug_info    0x00000b73      0x80e Descriptors.o
 .debug_info    0x00001381       0xd2 ../../LUFA/Drivers/USB/LowLevel/Device.o
 .debug_info    0x00001453     0x16d2 ../../LUFA/Drivers/USB/LowLevel/Endpoint.o
 .debug_info    0x00002b25      0x28e ../../LUFA/Drivers/USB/LowLevel/USBController.o
 .debug_info    0x00002db3      0x2ec ../../LUFA/Drivers/USB/LowLevel/USBInterrupt.o
 .debug_info    0x0000309f      0x3df ../../LUFA/Drivers/USB/HighLevel/ConfigDescriptor.o
 .debug_info    0x0000347e      0x727 ../../LUFA/Drivers/USB/HighLevel/DeviceStandardReq.o
 .debug_info    0x00003ba5       0x78 ../../LUFA/Drivers/USB/HighLevel/Events.o
 .debug_info    0x00003c1d      0x236 ../../LUFA/Drivers/USB/HighLevel/USBTask.o
 .debug_info    0x00003e53      0x453 ../../LUFA/Drivers/USB/Class/Device/Audio.o
 .debug_info    0x000042a6      0xe36 ../../LUFA/Drivers/USB/Class/Device/CDC.o
 .debug_info    0x000050dc      0xa30 ../../LUFA/Drivers/USB/Class/Device/HID.o
 .debug_info    0x00005b0c      0xa4d ../../LUFA/Drivers/USB/Class/Device/MassStorage.o
 .debug_info    0x00006559      0x6eb ../../LUFA/Drivers/USB/Class/Device/MIDI.o
 .debug_info    0x00006c44     0x11e0 ../../LUFA/Drivers/USB/Class/Device/RNDIS.o
 *(.gnu.linkonce.wi.*)

.debug_abbrev   0x00000000     0x1f9b
 *(.debug_abbrev)
 .debug_abbrev  0x00000000      0x33a Arduino-usbmidi.o
 .debug_abbrev  0x0000033a      0x152 Descriptors.o
 .debug_abbrev  0x0000048c       0x80 ../../LUFA/Drivers/USB/LowLevel/Device.o
 .debug_abbrev  0x0000050c      0x251 ../../LUFA/Drivers/USB/LowLevel/Endpoint.o
 .debug_abbrev  0x0000075d      0x125 ../../LUFA/Drivers/USB/LowLevel/USBController.o
 .debug_abbrev  0x00000882      0x171 ../../LUFA/Drivers/USB/LowLevel/USBInterrupt.o
 .debug_abbrev  0x000009f3      0x192 ../../LUFA/Drivers/USB/HighLevel/ConfigDescriptor.o
 .debug_abbrev  0x00000b85      0x271 ../../LUFA/Drivers/USB/HighLevel/DeviceStandardReq.o
 .debug_abbrev  0x00000df6       0x44 ../../LUFA/Drivers/USB/HighLevel/Events.o
 .debug_abbrev  0x00000e3a      0x15c ../../LUFA/Drivers/USB/HighLevel/USBTask.o
 .debug_abbrev  0x00000f96      0x1d6 ../../LUFA/Drivers/USB/Class/Device/Audio.o
 .debug_abbrev  0x0000116c      0x383 ../../LUFA/Drivers/USB/Class/Device/CDC.o
 .debug_abbrev  0x000014ef      0x285 ../../LUFA/Drivers/USB/Class/Device/HID.o
 .debug_abbrev  0x00001774      0x2ce ../../LUFA/Drivers/USB/Class/Device/MassStorage.o
 .debug_abbrev  0x00001a42      0x234 ../../LUFA/Drivers/USB/Class/Device/MIDI.o
 .debug_abbrev  0x00001c76      0x325 ../../LUFA/Drivers/USB/Class/Device/RNDIS.o

.debug_line     0x00000000     0x2dd3
 *(.debug_line)
 .debug_line    0x00000000      0x396 Arduino-usbmidi.o
 .debug_line    0x00000396      0x13e Descriptors.o
 .debug_line    0x000004d4       0xac ../../LUFA/Drivers/USB/LowLevel/Device.o
 .debug_line    0x00000580      0xbd5 ../../LUFA/Drivers/USB/LowLevel/Endpoint.o
 .debug_line    0x00001155        0x0 ../../LUFA/Drivers/USB/LowLevel/Host.o
 .debug_line    0x00001155        0x0 ../../LUFA/Drivers/USB/LowLevel/Pipe.o
 .debug_line    0x00001155      0x1ad ../../LUFA/Drivers/USB/LowLevel/USBController.o
 .debug_line    0x00001302      0x1d0 ../../LUFA/Drivers/USB/LowLevel/USBInterrupt.o
 .debug_line    0x000014d2      0x15f ../../LUFA/Drivers/USB/HighLevel/ConfigDescriptor.o
 .debug_line    0x00001631      0x252 ../../LUFA/Drivers/USB/HighLevel/DeviceStandardReq.o
 .debug_line    0x00001883       0x56 ../../LUFA/Drivers/USB/HighLevel/Events.o
 .debug_line    0x000018d9        0x0 ../../LUFA/Drivers/USB/HighLevel/HostStandardReq.o
 .debug_line    0x000018d9      0x147 ../../LUFA/Drivers/USB/HighLevel/USBTask.o
 .debug_line    0x00001a20        0x0 ../../LUFA/Drivers/USB/Class/Host/HIDParser.o
 .debug_line    0x00001a20      0x1cd ../../LUFA/Drivers/USB/Class/Device/Audio.o
 .debug_line    0x00001bed      0x494 ../../LUFA/Drivers/USB/Class/Device/CDC.o
 .debug_line    0x00002081      0x34c ../../LUFA/Drivers/USB/Class/Device/HID.o
 .debug_line    0x000023cd      0x37a ../../LUFA/Drivers/USB/Class/Device/MassStorage.o
 .debug_line    0x00002747      0x275 ../../LUFA/Drivers/USB/Class/Device/MIDI.o
 .debug_line    0x000029bc      0x417 ../../LUFA/Drivers/USB/Class/Device/RNDIS.o
 .debug_line    0x00002dd3        0x0 ../../LUFA/Drivers/USB/Class/Host/CDC.o
 .debug_line    0x00002dd3        0x0 ../../LUFA/Drivers/USB/Class/Host/HID.o
 .debug_line    0x00002dd3        0x0 ../../LUFA/Drivers/USB/Class/Host/MassStorage.o
 .debug_line    0x00002dd3        0x0 ../../LUFA/Drivers/USB/Class/Host/MIDI.o
 .debug_line    0x00002dd3        0x0 ../../LUFA/Drivers/USB/Class/Host/Printer.o
 .debug_line    0x00002dd3        0x0 ../../LUFA/Drivers/USB/Class/Host/RNDIS.o
 .debug_line    0x00002dd3        0x0 ../../LUFA/Drivers/USB/Class/Host/StillImage.o

.debug_frame    0x00000000      0xc58
 *(.debug_frame)
 .debug_frame   0x00000000      0x178 Arduino-usbmidi.o
 .debug_frame   0x00000178       0x24 Descriptors.o
 .debug_frame   0x0000019c       0x24 ../../LUFA/Drivers/USB/LowLevel/Device.o
 .debug_frame   0x000001c0      0x410 ../../LUFA/Drivers/USB/LowLevel/Endpoint.o
 .debug_frame   0x000005d0       0x44 ../../LUFA/Drivers/USB/LowLevel/USBController.o
 .debug_frame   0x00000614       0x98 ../../LUFA/Drivers/USB/LowLevel/USBInterrupt.o
 .debug_frame   0x000006ac       0xc8 ../../LUFA/Drivers/USB/HighLevel/ConfigDescriptor.o
 .debug_frame   0x00000774       0x3c ../../LUFA/Drivers/USB/HighLevel/DeviceStandardReq.o
 .debug_frame   0x000007b0       0x24 ../../LUFA/Drivers/USB/HighLevel/Events.o
 .debug_frame   0x000007d4       0x2c ../../LUFA/Drivers/USB/HighLevel/USBTask.o
 .debug_frame   0x00000800       0x48 ../../LUFA/Drivers/USB/Class/Device/Audio.o
 .debug_frame   0x00000848      0x168 ../../LUFA/Drivers/USB/Class/Device/CDC.o
 .debug_frame   0x000009b0      0x100 ../../LUFA/Drivers/USB/Class/Device/HID.o
 .debug_frame   0x00000ab0       0x84 ../../LUFA/Drivers/USB/Class/Device/MassStorage.o
 .debug_frame   0x00000b34       0x6c ../../LUFA/Drivers/USB/Class/Device/MIDI.o
 .debug_frame   0x00000ba0       0xb8 ../../LUFA/Drivers/USB/Class/Device/RNDIS.o

.debug_str      0x00000000     0x2c39
 *(.debug_str)
 .debug_str     0x00000000      0x5a5 Arduino-usbmidi.o
                                0x5f6 (size before relaxing)
 .debug_str     0x000005a5      0x61d Descriptors.o
                                0x82f (size before relaxing)
 .debug_str     0x00000bc2      0x187 ../../LUFA/Drivers/USB/LowLevel/Device.o
                                0x205 (size before relaxing)
 .debug_str     0x00000d49      0x8bd ../../LUFA/Drivers/USB/LowLevel/Endpoint.o
                                0xabe (size before relaxing)
 .debug_str     0x00001606        0x0 ../../LUFA/Drivers/USB/LowLevel/Host.o
 .debug_str     0x00001606        0x0 ../../LUFA/Drivers/USB/LowLevel/Pipe.o
 .debug_str     0x00001606      0x135 ../../LUFA/Drivers/USB/LowLevel/USBController.o
                                0x39a (size before relaxing)
 .debug_str     0x0000173b       0xa6 ../../LUFA/Drivers/USB/LowLevel/USBInterrupt.o
                                0x422 (size before relaxing)
 .debug_str     0x000017e1      0x221 ../../LUFA/Drivers/USB/HighLevel/ConfigDescriptor.o
                                0x3ed (size before relaxing)
 .debug_str     0x00001a02      0x2d5 ../../LUFA/Drivers/USB/HighLevel/DeviceStandardReq.o
                                0x714 (size before relaxing)
 .debug_str     0x00001cd7       0x39 ../../LUFA/Drivers/USB/HighLevel/Events.o
                                0x1b6 (size before relaxing)
 .debug_str     0x00001d10        0x0 ../../LUFA/Drivers/USB/HighLevel/HostStandardReq.o
 .debug_str     0x00001d10       0x63 ../../LUFA/Drivers/USB/HighLevel/USBTask.o
                                0x370 (size before relaxing)
 .debug_str     0x00001d73        0x0 ../../LUFA/Drivers/USB/Class/Host/HIDParser.o
 .debug_str     0x00001d73       0xd2 ../../LUFA/Drivers/USB/Class/Device/Audio.o
                                0x50c (size before relaxing)
 .debug_str     0x00001e45      0x2cb ../../LUFA/Drivers/USB/Class/Device/CDC.o
                                0xa3f (size before relaxing)
 .debug_str     0x00002110      0x272 ../../LUFA/Drivers/USB/Class/Device/HID.o
                                0x72a (size before relaxing)
 .debug_str     0x00002382      0x249 ../../LUFA/Drivers/USB/Class/Device/MassStorage.o
                                0x857 (size before relaxing)
 .debug_str     0x000025cb       0x2b ../../LUFA/Drivers/USB/Class/Device/MIDI.o
                                0x747 (size before relaxing)
 .debug_str     0x000025f6      0x643 ../../LUFA/Drivers/USB/Class/Device/RNDIS.o
                                0xc43 (size before relaxing)
 .debug_str     0x00002c39        0x0 ../../LUFA/Drivers/USB/Class/Host/CDC.o
 .debug_str     0x00002c39        0x0 ../../LUFA/Drivers/USB/Class/Host/HID.o
 .debug_str     0x00002c39        0x0 ../../LUFA/Drivers/USB/Class/Host/MassStorage.o
 .debug_str     0x00002c39        0x0 ../../LUFA/Drivers/USB/Class/Host/MIDI.o
 .debug_str     0x00002c39        0x0 ../../LUFA/Drivers/USB/Class/Host/Printer.o
 .debug_str     0x00002c39        0x0 ../../LUFA/Drivers/USB/Class/Host/RNDIS.o
 .debug_str     0x00002c39        0x0 ../../LUFA/Drivers/USB/Class/Host/StillImage.o

.debug_loc      0x00000000     0x4be1
 *(.debug_loc)
 .debug_loc     0x00000000      0x4a4 Arduino-usbmidi.o
 .debug_loc     0x000004a4      0x186 Descriptors.o
 .debug_loc     0x0000062a     0x1ba4 ../../LUFA/Drivers/USB/LowLevel/Endpoint.o
 .debug_loc     0x000021ce       0x13 ../../LUFA/Drivers/USB/LowLevel/USBController.o
 .debug_loc     0x000021e1       0xf3 ../../LUFA/Drivers/USB/LowLevel/USBInterrupt.o
 .debug_loc     0x000022d4      0x4c9 ../../LUFA/Drivers/USB/HighLevel/ConfigDescriptor.o
 .debug_loc     0x0000279d      0x1fa ../../LUFA/Drivers/USB/HighLevel/DeviceStandardReq.o
 .debug_loc     0x00002997       0x49 ../../LUFA/Drivers/USB/HighLevel/USBTask.o
 .debug_loc     0x000029e0      0x1b3 ../../LUFA/Drivers/USB/Class/Device/Audio.o
 .debug_loc     0x00002b93      0x87e ../../LUFA/Drivers/USB/Class/Device/CDC.o
 .debug_loc     0x00003411      0x4b7 ../../LUFA/Drivers/USB/Class/Device/HID.o
 .debug_loc     0x000038c8      0x371 ../../LUFA/Drivers/USB/Class/Device/MassStorage.o
 .debug_loc     0x00003c39      0x3a6 ../../LUFA/Drivers/USB/Class/Device/MIDI.o
 .debug_loc     0x00003fdf      0xc02 ../../LUFA/Drivers/USB/Class/Device/RNDIS.o

.debug_macinfo
 *(.debug_macinfo)

.debug_pubtypes
 *(.debug_pubtypes)

.debug_ranges   0x00000000      0x4b8
 *(.debug_ranges)
 .debug_ranges  0x00000000       0x78 Arduino-usbmidi.o
 .debug_ranges  0x00000078       0x10 Descriptors.o
 .debug_ranges  0x00000088       0x10 ../../LUFA/Drivers/USB/LowLevel/Device.o
 .debug_ranges  0x00000098      0x168 ../../LUFA/Drivers/USB/LowLevel/Endpoint.o
 .debug_ranges  0x00000200       0x20 ../../LUFA/Drivers/USB/LowLevel/USBController.o
 .debug_ranges  0x00000220       0x20 ../../LUFA/Drivers/USB/LowLevel/USBInterrupt.o
 .debug_ranges  0x00000240       0x28 ../../LUFA/Drivers/USB/HighLevel/ConfigDescriptor.o
 .debug_ranges  0x00000268       0x28 ../../LUFA/Drivers/USB/HighLevel/DeviceStandardReq.o
 .debug_ranges  0x00000290       0x10 ../../LUFA/Drivers/USB/HighLevel/Events.o
 .debug_ranges  0x000002a0       0x10 ../../LUFA/Drivers/USB/HighLevel/USBTask.o
 .debug_ranges  0x000002b0       0x30 ../../LUFA/Drivers/USB/Class/Device/Audio.o
 .debug_ranges  0x000002e0       0x98 ../../LUFA/Drivers/USB/Class/Device/CDC.o
 .debug_ranges  0x00000378       0x38 ../../LUFA/Drivers/USB/Class/Device/HID.o
 .debug_ranges  0x000003b0       0x40 ../../LUFA/Drivers/USB/Class/Device/MassStorage.o
 .debug_ranges  0x000003f0       0x40 ../../LUFA/Drivers/USB/Class/Device/MIDI.o
 .debug_ranges  0x00000430       0x88 ../../LUFA/Drivers/USB/Class/Device/RNDIS.o

.debug_macro
 *(.debug_macro)
OUTPUT(Arduino-usbmidi.elf elf32-avr)
LOAD linker stubs

Cross Reference Table

Symbol                                            File
Audio_Device_ConfigureEndpoints                   ../../LUFA/Drivers/USB/Class/Device/Audio.o
Audio_Device_ProcessControlRequest                ../../LUFA/Drivers/USB/Class/Device/Audio.o
CALLBACK_HID_Device_CreateHIDReport               ../../LUFA/Drivers/USB/Class/Device/HID.o
CALLBACK_HID_Device_ProcessHIDReport              ../../LUFA/Drivers/USB/Class/Device/HID.o
CALLBACK_MS_Device_SCSICommandReceived            ../../LUFA/Drivers/USB/Class/Device/MassStorage.o
CALLBACK_USB_GetDescriptor                        Descriptors.o
                                                  ../../LUFA/Drivers/USB/HighLevel/DeviceStandardReq.o
CDC_Device_BytesReceived                          ../../LUFA/Drivers/USB/Class/Device/CDC.o
CDC_Device_ConfigureEndpoints                     ../../LUFA/Drivers/USB/Class/Device/CDC.o
CDC_Device_CreateBlockingStream                   ../../LUFA/Drivers/USB/Class/Device/CDC.o
CDC_Device_CreateStream                           ../../LUFA/Drivers/USB/Class/Device/CDC.o
CDC_Device_Event_Stub                             ../../LUFA/Drivers/USB/Class/Device/CDC.o
CDC_Device_Flush                                  ../../LUFA/Drivers/USB/Class/Device/CDC.o
CDC_Device_ProcessControlRequest                  ../../LUFA/Drivers/USB/Class/Device/CDC.o
CDC_Device_ReceiveByte                            ../../LUFA/Drivers/USB/Class/Device/CDC.o
CDC_Device_SendByte                               ../../LUFA/Drivers/USB/Class/Device/CDC.o
CDC_Device_SendControlLineStateChange             ../../LUFA/Drivers/USB/Class/Device/CDC.o
CDC_Device_SendString                             ../../LUFA/Drivers/USB/Class/Device/CDC.o
CDC_Device_USBTask                                ../../LUFA/Drivers/USB/Class/Device/CDC.o
ConfigurationDescriptor                           Descriptors.o
DeviceDescriptor                                  Descriptors.o
EVENT_CDC_Device_BreakSent                        ../../LUFA/Drivers/USB/Class/Device/CDC.o
EVENT_CDC_Device_ControLineStateChanged           ../../LUFA/Drivers/USB/Class/Device/CDC.o
EVENT_CDC_Device_LineEncodingChanged              ../../LUFA/Drivers/USB/Class/Device/CDC.o
EVENT_USB_Device_ConfigurationChanged             Arduino-usbmidi.o
                                                  ../../LUFA/Drivers/USB/HighLevel/DeviceStandardReq.o
EVENT_USB_Device_Connect                          Arduino-usbmidi.o
                                                  ../../LUFA/Drivers/USB/LowLevel/USBInterrupt.o
EVENT_USB_Device_Disconnect                       Arduino-usbmidi.o
                                                  ../../LUFA/Drivers/USB/LowLevel/USBInterrupt.o
EVENT_USB_Device_Reset                            ../../LUFA/Drivers/USB/HighLevel/Events.o
                                                  ../../LUFA/Drivers/USB/LowLevel/USBInterrupt.o
EVENT_USB_Device_StartOfFrame                     ../../LUFA/Drivers/USB/HighLevel/Events.o
                                                  ../../LUFA/Drivers/USB/LowLevel/USBInterrupt.o
EVENT_USB_Device_Suspend                          ../../LUFA/Drivers/USB/HighLevel/Events.o
EVENT_USB_Device_UnhandledControlRequest          Arduino-usbmidi.o
                                                  ../../LUFA/Drivers/USB/HighLevel/DeviceStandardReq.o
EVENT_USB_Device_WakeUp                           ../../LUFA/Drivers/USB/HighLevel/Events.o
Endpoint_BytesToEPSizeMaskDynamic                 ../../LUFA/Drivers/USB/LowLevel/Endpoint.o
                                                  ../../LUFA/Drivers/USB/Class/Device/RNDIS.o
                                                  ../../LUFA/Drivers/USB/Class/Device/MIDI.o
                                                  ../../LUFA/Drivers/USB/Class/Device/MassStorage.o
                                                  ../../LUFA/Drivers/USB/Class/Device/HID.o
                                                  ../../LUFA/Drivers/USB/Class/Device/CDC.o
                                                  ../../LUFA/Drivers/USB/Class/Device/Audio.o
Endpoint_ClearEndpoints                           ../../LUFA/Drivers/USB/LowLevel/Endpoint.o
                                                  ../../LUFA/Drivers/USB/LowLevel/USBInterrupt.o
Endpoint_ClearStatusStage                         ../../LUFA/Drivers/USB/LowLevel/Endpoint.o
                                                  ../../LUFA/Drivers/USB/Class/Device/MassStorage.o
                                                  ../../LUFA/Drivers/USB/Class/Device/HID.o
                                                  ../../LUFA/Drivers/USB/Class/Device/CDC.o
                                                  ../../LUFA/Drivers/USB/Class/Device/Audio.o
                                                  ../../LUFA/Drivers/USB/HighLevel/DeviceStandardReq.o
Endpoint_ConfigureEndpoint_Prv                    ../../LUFA/Drivers/USB/LowLevel/Endpoint.o
                                                  ../../LUFA/Drivers/USB/Class/Device/RNDIS.o
                                                  ../../LUFA/Drivers/USB/Class/Device/MIDI.o
                                                  ../../LUFA/Drivers/USB/Class/Device/MassStorage.o
                                                  ../../LUFA/Drivers/USB/Class/Device/HID.o
                                                  ../../LUFA/Drivers/USB/Class/Device/CDC.o
                                                  ../../LUFA/Drivers/USB/Class/Device/Audio.o
                                                  ../../LUFA/Drivers/USB/LowLevel/USBInterrupt.o
Endpoint_Discard_Stream                           ../../LUFA/Drivers/USB/LowLevel/Endpoint.o
Endpoint_Read_Control_EStream_BE                  ../../LUFA/Drivers/USB/LowLevel/Endpoint.o
Endpoint_Read_Control_EStream_LE                  ../../LUFA/Drivers/USB/LowLevel/Endpoint.o
Endpoint_Read_Control_Stream_BE                   ../../LUFA/Drivers/USB/LowLevel/Endpoint.o
Endpoint_Read_Control_Stream_LE                   ../../LUFA/Drivers/USB/LowLevel/Endpoint.o
                                                  ../../LUFA/Drivers/USB/Class/Device/RNDIS.o
                                                  ../../LUFA/Drivers/USB/Class/Device/HID.o
                                                  ../../LUFA/Drivers/USB/Class/Device/CDC.o
Endpoint_Read_EStream_BE                          ../../LUFA/Drivers/USB/LowLevel/Endpoint.o
Endpoint_Read_EStream_LE                          ../../LUFA/Drivers/USB/LowLevel/Endpoint.o
Endpoint_Read_Stream_BE                           ../../LUFA/Drivers/USB/LowLevel/Endpoint.o
Endpoint_Read_Stream_LE                           ../../LUFA/Drivers/USB/LowLevel/Endpoint.o
                                                  ../../LUFA/Drivers/USB/Class/Device/RNDIS.o
                                                  ../../LUFA/Drivers/USB/Class/Device/MIDI.o
                                                  ../../LUFA/Drivers/USB/Class/Device/MassStorage.o
Endpoint_WaitUntilReady                           ../../LUFA/Drivers/USB/LowLevel/Endpoint.o
                                                  ../../LUFA/Drivers/USB/Class/Device/MIDI.o
                                                  ../../LUFA/Drivers/USB/Class/Device/CDC.o
Endpoint_Write_Control_EStream_BE                 ../../LUFA/Drivers/USB/LowLevel/Endpoint.o
Endpoint_Write_Control_EStream_LE                 ../../LUFA/Drivers/USB/LowLevel/Endpoint.o
Endpoint_Write_Control_PStream_BE                 ../../LUFA/Drivers/USB/LowLevel/Endpoint.o
Endpoint_Write_Control_PStream_LE                 ../../LUFA/Drivers/USB/LowLevel/Endpoint.o
                                                  ../../LUFA/Drivers/USB/HighLevel/DeviceStandardReq.o
Endpoint_Write_Control_Stream_BE                  ../../LUFA/Drivers/USB/LowLevel/Endpoint.o
Endpoint_Write_Control_Stream_LE                  ../../LUFA/Drivers/USB/LowLevel/Endpoint.o
                                                  ../../LUFA/Drivers/USB/Class/Device/RNDIS.o
                                                  ../../LUFA/Drivers/USB/Class/Device/HID.o
                                                  ../../LUFA/Drivers/USB/Class/Device/CDC.o
Endpoint_Write_EStream_BE                         ../../LUFA/Drivers/USB/LowLevel/Endpoint.o
Endpoint_Write_EStream_LE                         ../../LUFA/Drivers/USB/LowLevel/Endpoint.o
Endpoint_Write_PStream_BE                         ../../LUFA/Drivers/USB/LowLevel/Endpoint.o
Endpoint_Write_PStream_LE                         ../../LUFA/Drivers/USB/LowLevel/Endpoint.o
Endpoint_Write_Stream_BE                          ../../LUFA/Drivers/USB/LowLevel/Endpoint.o
Endpoint_Write_Stream_LE                          ../../LUFA/Drivers/USB/LowLevel/Endpoint.o
                                                  ../../LUFA/Drivers/USB/Class/Device/RNDIS.o
                                                  ../../LUFA/Drivers/USB/Class/Device/MIDI.o
                                                  ../../LUFA/Drivers/USB/Class/Device/MassStorage.o
                                                  ../../LUFA/Drivers/USB/Class/Device/HID.o
                                                  ../../LUFA/Drivers/USB/Class/Device/CDC.o
HID_Device_ConfigureEndpoints                     ../../LUFA/Drivers/USB/Class/Device/HID.o
HID_Device_ProcessControlRequest                  ../../LUFA/Drivers/USB/Class/Device/HID.o
HID_Device_USBTask                                ../../LUFA/Drivers/USB/Class/Device/HID.o
Keyboard_MIDI_Interface                           Arduino-usbmidi.o
LanguageString                                    Descriptors.o
MIDI_Device_ConfigureEndpoints                    ../../LUFA/Drivers/USB/Class/Device/MIDI.o
                                                  Arduino-usbmidi.o
MIDI_Device_Flush                                 ../../LUFA/Drivers/USB/Class/Device/MIDI.o
                                                  Arduino-usbmidi.o
MIDI_Device_ReceiveEventPacket                    ../../LUFA/Drivers/USB/Class/Device/MIDI.o
                                                  Arduino-usbmidi.o
MIDI_Device_SendEventPacket                       ../../LUFA/Drivers/USB/Class/Device/MIDI.o
                                                  Arduino-usbmidi.o
MS_Device_ConfigureEndpoints                      ../../LUFA/Drivers/USB/Class/Device/MassStorage.o
MS_Device_ProcessControlRequest                   ../../LUFA/Drivers/USB/Class/Device/MassStorage.o
MS_Device_USBTask                                 ../../LUFA/Drivers/USB/Class/Device/MassStorage.o
ManufacturerString                                Descriptors.o
ProductString                                     Descriptors.o
RNDIS_Device_ConfigureEndpoints                   ../../LUFA/Drivers/USB/Class/Device/RNDIS.o
RNDIS_Device_ProcessControlRequest                ../../LUFA/Drivers/USB/Class/Device/RNDIS.o
RNDIS_Device_USBTask                              ../../LUFA/Drivers/USB/Class/Device/RNDIS.o
SetupHardware                                     Arduino-usbmidi.o
USARTtoUSB_Buffer                                 Arduino-usbmidi.o
USB_ConfigurationNumber                           ../../LUFA/Drivers/USB/HighLevel/DeviceStandardReq.o
                                                  ../../LUFA/Drivers/USB/LowLevel/USBInterrupt.o
                                                  ../../LUFA/Drivers/USB/LowLevel/USBController.o
USB_ControlRequest                                ../../LUFA/Drivers/USB/Class/Device/RNDIS.o
                                                  ../../LUFA/Drivers/USB/Class/Device/MassStorage.o
                                                  ../../LUFA/Drivers/USB/Class/Device/HID.o
                                                  ../../LUFA/Drivers/USB/Class/Device/CDC.o
                                                  ../../LUFA/Drivers/USB/Class/Device/Audio.o
                                                  ../../LUFA/Drivers/USB/HighLevel/USBTask.o
                                                  ../../LUFA/Drivers/USB/HighLevel/DeviceStandardReq.o
                                                  ../../LUFA/Drivers/USB/LowLevel/Endpoint.o
USB_CurrentlySelfPowered                          ../../LUFA/Drivers/USB/HighLevel/DeviceStandardReq.o
                                                  ../../LUFA/Drivers/USB/LowLevel/USBController.o
USB_Device_ProcessControlRequest                  ../../LUFA/Drivers/USB/HighLevel/DeviceStandardReq.o
                                                  ../../LUFA/Drivers/USB/HighLevel/USBTask.o
USB_Device_SendRemoteWakeup                       ../../LUFA/Drivers/USB/LowLevel/Device.o
USB_Event_Stub                                    ../../LUFA/Drivers/USB/HighLevel/Events.o
USB_GetNextDescriptorComp                         ../../LUFA/Drivers/USB/HighLevel/ConfigDescriptor.o
USB_GetNextDescriptorOfType                       ../../LUFA/Drivers/USB/HighLevel/ConfigDescriptor.o
USB_GetNextDescriptorOfTypeAfter                  ../../LUFA/Drivers/USB/HighLevel/ConfigDescriptor.o
USB_GetNextDescriptorOfTypeBefore                 ../../LUFA/Drivers/USB/HighLevel/ConfigDescriptor.o
USB_INT_ClearAllInterrupts                        ../../LUFA/Drivers/USB/LowLevel/USBInterrupt.o
                                                  ../../LUFA/Drivers/USB/LowLevel/USBController.o
USB_INT_DisableAllInterrupts                      ../../LUFA/Drivers/USB/LowLevel/USBInterrupt.o
                                                  ../../LUFA/Drivers/USB/LowLevel/USBController.o
USB_Init                                          ../../LUFA/Drivers/USB/LowLevel/USBController.o
                                                  Arduino-usbmidi.o
USB_IsInitialized                                 ../../LUFA/Drivers/USB/HighLevel/USBTask.o
                                                  ../../LUFA/Drivers/USB/LowLevel/USBController.o
USB_ResetInterface                                ../../LUFA/Drivers/USB/LowLevel/USBController.o
USB_ShutDown                                      ../../LUFA/Drivers/USB/LowLevel/USBController.o
USB_USBTask                                       ../../LUFA/Drivers/USB/HighLevel/USBTask.o
                                                  ../../LUFA/Drivers/USB/Class/Device/MassStorage.o
                                                  ../../LUFA/Drivers/USB/Class/Device/CDC.o
                                                  Arduino-usbmidi.o
USBtoUSART_Buffer                                 Arduino-usbmidi.o
__bad_interrupt                                   /usr/lib/gcc/avr/4.8.2/../../../avr/lib/avr35/crtm8u2.o
__bss_end                                         /usr/lib/gcc/avr/4.8.2/avr35/libgcc.a(_clear_bss.o)
__bss_start                                       /usr/lib/gcc/avr/4.8.2/avr35/libgcc.a(_clear_bss.o)
__data_end                                        /usr/lib/gcc/avr/4.8.2/avr35/libgcc.a(_copy_data.o)
__data_load_start                                 /usr/lib/gcc/avr/4.8.2/avr35/libgcc.a(_copy_data.o)
__data_start                                      /usr/lib/gcc/avr/4.8.2/avr35/libgcc.a(_copy_data.o)
__do_clear_bss                                    /usr/lib/gcc/avr/4.8.2/avr35/libgcc.a(_clear_bss.o)
                                                  ../../LUFA/Drivers/USB/Class/Device/MassStorage.o
                                                  ../../LUFA/Drivers/USB/HighLevel/USBTask.o
                                                  ../../LUFA/Drivers/USB/HighLevel/DeviceStandardReq.o
                                                  Arduino-usbmidi.o
__do_copy_data                                    /usr/lib/gcc/avr/4.8.2/avr35/libgcc.a(_copy_data.o)
                                                  ../../LUFA/Drivers/USB/Class/Device/RNDIS.o
                                                  ../../LUFA/Drivers/USB/Class/Device/CDC.o
                                                  Arduino-usbmidi.o
__eerd_byte_m16u2                                 /usr/lib/gcc/avr/4.8.2/../../../avr/lib/avr35/libc.a(eerd_byte_atmega16u2.o)
                                                  ../../LUFA/Drivers/USB/LowLevel/Endpoint.o
__eeupd_byte_m16u2                                /usr/lib/gcc/avr/4.8.2/../../../avr/lib/avr35/libc.a(eeupd_byte_atmega16u2.o)
                                                  ../../LUFA/Drivers/USB/LowLevel/Endpoint.o
__eeupd_r18_m16u2                                 /usr/lib/gcc/avr/4.8.2/../../../avr/lib/avr35/libc.a(eeupd_byte_atmega16u2.o)
__heap_end                                        /usr/lib/gcc/avr/4.8.2/../../../avr/lib/avr35/crtm8u2.o
__init                                            /usr/lib/gcc/avr/4.8.2/../../../avr/lib/avr35/crtm8u2.o
__stack                                           /usr/lib/gcc/avr/4.8.2/../../../avr/lib/avr35/crtm8u2.o
__tablejump2__                                    /usr/lib/gcc/avr/4.8.2/avr35/libgcc.a(_tablejump.o)
                                                  ../../LUFA/Drivers/USB/HighLevel/DeviceStandardReq.o
__tablejump__                                     /usr/lib/gcc/avr/4.8.2/avr35/libgcc.a(_tablejump.o)
__vector_1                                        /usr/lib/gcc/avr/4.8.2/../../../avr/lib/avr35/crtm8u2.o
__vector_10                                       /usr/lib/gcc/avr/4.8.2/../../../avr/lib/avr35/crtm8u2.o
__vector_11                                       ../../LUFA/Drivers/USB/LowLevel/USBInterrupt.o
                                                  /usr/lib/gcc/avr/4.8.2/../../../avr/lib/avr35/crtm8u2.o
__vector_12                                       /usr/lib/gcc/avr/4.8.2/../../../avr/lib/avr35/crtm8u2.o
__vector_13                                       /usr/lib/gcc/avr/4.8.2/../../../avr/lib/avr35/crtm8u2.o
__vector_14                                       /usr/lib/gcc/avr/4.8.2/../../../avr/lib/avr35/crtm8u2.o
__vector_15                                       /usr/lib/gcc/avr/4.8.2/../../../avr/lib/avr35/crtm8u2.o
__vector_16                                       /usr/lib/gcc/avr/4.8.2/../../../avr/lib/avr35/crtm8u2.o
__vector_17                                       /usr/lib/gcc/avr/4.8.2/../../../avr/lib/avr35/crtm8u2.o
__vector_18                                       /usr/lib/gcc/avr/4.8.2/../../../avr/lib/avr35/crtm8u2.o
__vector_19                                       /usr/lib/gcc/avr/4.8.2/../../../avr/lib/avr35/crtm8u2.o
__vector_2                                        /usr/lib/gcc/avr/4.8.2/../../../avr/lib/avr35/crtm8u2.o
__vector_20                                       /usr/lib/gcc/avr/4.8.2/../../../avr/lib/avr35/crtm8u2.o
__vector_21                                       /usr/lib/gcc/avr/4.8.2/../../../avr/lib/avr35/crtm8u2.o
__vector_22                                       /usr/lib/gcc/avr/4.8.2/../../../avr/lib/avr35/crtm8u2.o
__vector_23                                       Arduino-usbmidi.o
                                                  /usr/lib/gcc/avr/4.8.2/../../../avr/lib/avr35/crtm8u2.o
__vector_24                                       /usr/lib/gcc/avr/4.8.2/../../../avr/lib/avr35/crtm8u2.o
__vector_25                                       /usr/lib/gcc/avr/4.8.2/../../../avr/lib/avr35/crtm8u2.o
__vector_26                                       /usr/lib/gcc/avr/4.8.2/../../../avr/lib/avr35/crtm8u2.o
__vector_27                                       /usr/lib/gcc/avr/4.8.2/../../../avr/lib/avr35/crtm8u2.o
__vector_28                                       /usr/lib/gcc/avr/4.8.2/../../../avr/lib/avr35/crtm8u2.o
__vector_3                                        /usr/lib/gcc/avr/4.8.2/../../../avr/lib/avr35/crtm8u2.o
__vector_4                                        /usr/lib/gcc/avr/4.8.2/../../../avr/lib/avr35/crtm8u2.o
__vector_5                                        /usr/lib/gcc/avr/4.8.2/../../../avr/lib/avr35/crtm8u2.o
__vector_6                                        /usr/lib/gcc/avr/4.8.2/../../../avr/lib/avr35/crtm8u2.o
__vector_7                                        /usr/lib/gcc/avr/4.8.2/../../../avr/lib/avr35/crtm8u2.o
__vector_8                                        /usr/lib/gcc/avr/4.8.2/../../../avr/lib/avr35/crtm8u2.o
__vector_9                                        /usr/lib/gcc/avr/4.8.2/../../../avr/lib/avr35/crtm8u2.o
__vector_default                                  /usr/lib/gcc/avr/4.8.2/../../../avr/lib/avr35/crtm8u2.o
__vectors                                         /usr/lib/gcc/avr/4.8.2/../../../avr/lib/avr35/crtm8u2.o
_exit                                             /usr/lib/gcc/avr/4.8.2/avr35/libgcc.a(_exit.o)
exit                                              /usr/lib/gcc/avr/4.8.2/avr35/libgcc.a(_exit.o)
                                                  /usr/lib/gcc/avr/4.8.2/../../../avr/lib/avr35/crtm8u2.o
main                                              Arduino-usbmidi.o
                                                  /usr/lib/gcc/avr/4.8.2/../../../avr/lib/avr35/crtm8u2.o
memcmp                                            /usr/lib/gcc/avr/4.8.2/../../../avr/lib/avr35/libc.a(memcmp.o)
                                                  ../../LUFA/Drivers/USB/Class/Device/HID.o
memcpy                                            /usr/lib/gcc/avr/4.8.2/../../../avr/lib/avr35/libc.a(memcpy.o)
                                                  ../../LUFA/Drivers/USB/Class/Device/RNDIS.o
                                                  ../../LUFA/Drivers/USB/Class/Device/HID.o
memcpy_P                                          /usr/lib/gcc/avr/4.8.2/../../../avr/lib/avr35/libc.a(memcpy_P.o)
                                                  ../../LUFA/Drivers/USB/Class/Device/RNDIS.o
memset                                            /usr/lib/gcc/avr/4.8.2/../../../avr/lib/avr35/libc.a(memset.o)
                                                  ../../LUFA/Drivers/USB/Class/Device/HID.o
